~~~~~~~~~~~~~~~~~~~~~~~~~~~~~~~~~~~~~~~~~~~~~~~~~~~~~~~~~~~~~~~~~~~~~~~~~~~~~~~~~~~~~~~~~~~~~~~~~~~~~~~~~~~~~~~~~~~~~~~~~~~~~~~~~~~~~~~~~~~~~~~~~~~~~~~~~~~~~~~~~~~~~~~~~~~~~~~~
~~~~~~~~~~~~~~~~~~~~~~~~~~~~~~~~~~~~~~~~~~~~~~~~~~~~~~~~~~~~~~~~~~~~~~~~~~~~~~~~~~~~~~~~~~~~~~~~~~~~~~~~~~~~~~~~~~~~~~~~~~~~~~~~~~~~~~~~~~~~~~~~~~~~~~~~~~~~~~~~~~~~~~~~~~~~~~~~
~~~~~~~~~~~~~~~~~~~~~~~~~~~~~~~~~~~~~~~~~~~~~~~~~~~~~~~~~~~~~~~~~~~~~~~~~~~~~~~~~~~~~~~~~~~~~~~~~~~~~~~~~~~~~~~~~~~~~~~~~~~~~~~~~~~~~~~~~~~~~~~~~~~~~~~~~~~~~~~~~~~~~~~~~~~~~~~~
~~~~~~~~~~~~~~~~~~~~~~~~~~~~~~~~~~~~~~~~~~~~~~~~~~~~~~~~~~~~~~~~~~~~~~~~~~~~~~~~~~~~~~~~~~~~~~~~~~~~~~~~~~~~~~~~~~~~~~~~~~~~~~~~~~~~~~~~~~~~~~~~~~~~~~~~~~~~~~~~~~~~~~~~~~~~~~~~
~~~~~~~~~~~~~~~~~~~~~~~~~~~~~~~~~~~~~~~~~~~~~~~~~~~~~~~~~~~~~~~~~~~~~~~~~~~~~~~..................~~~~~~~~~~~~~~~~~~~~~~~~~~~~~~~~~~~~~~~~~~~~~~~~~~~~~~~~~~~~~~~~~~~~~~~~~~~~~~~
~~~~~~~~~~~~~~~~~~~~~~~~~~~~~~~~~~~~~~~~~~~~~~~~~~~~~~~~~~~~~~~~~~~~~~~~............................EEEE~~~~~~~~~~~~~~~~~~~~~~~~~~~~~~~~~~~~~~~~~~~~~~~~~~~~~~~~~~~~~~~~~~~~~~~~
~~~~~~~~~~~~~~~~~~~~~~~~~~~~~~~~~~~~~~~~~~~~~~~~~~~~~~~~~~~~~~~~~~~~...............................EEEEEEEEE~~~~~~~~~~~~~~~~~~~~~~~~~~~~~~~~~~~~~~~~~~~~~~~~~~~~~~~~~~~~~~~~~~~~
~~~~~~~~~~~~~~~~~~~~~~~~~~~~~~~~~~~~~~~~~~~~~~~~~~~~~~~~~~~~~~~~...................................EEEEEEEEEEEEE~~~~~~~~~~~~~~~~~~~~~~~~~~~~~~~~~~~~~~~~~~~~~~~~~~~~~~~~~~~~~~~~
~~~~~~~~~~~~~~~~~~~~~~~~~~~~~~~~~~~~~~~~~~~~~~~~~~~~~~~~~~~~~......................................EEEEEEEEEEEEEEEE~~~~~~~~~~~~~~~~~~~~~~~~~~~~~~~~~~~~~~~~~~~~~~~~~~~~~~~~~~~~~
~~~~~~~~~~~~~~~~~~~~~~~~~~~~~~~~~~~~~~~~~~~~~~~~~~~~~~~~~~.........................................EEEEEEEEEEEEEEEEEEE~~~~~~~~~~~~~~~~~~~~~~~~~~~~~~~~~~~~~~~~~~~~~~~~~~~~~~~~~~
~~~~~~~~~~~~~~~~~~~~~~~~~~~~~~~~~~~~~~~~~~~~~~~~~~~~~~~~..........................................EEEEEEEEEEEEEEEEEEEEE.~~~~~~~~~~~~~~~~~~~~~~~~~~~~~~~~~~~~~~~~~~~~~~~~~~~~~~~~
~~~~~~~~~~~~~~~~~~~~~~~~~~~~~~~~~~~~~~~~~~~~~~~~~~~~~.............................................EEEEEEEEEEEEEEEEEEEEE....~~~~~~~~~~~~~~~~~~~~~~~~~~~~~~~~~~~~~~~~~~~~~~~~~~~~~
~~~~~~~~~~~~~~~~~~~~~~~~~~~~~~~~~~~~~~~~~~~~~~~~~~~...............................................DDDDDEEEEEEEEEEEEEEEE......~~~~~~~~~~~~~~~~~~~~~~~~~~~~~~~~~~~~~~~~~~~~~~~~~~~
~~~~~~~~~~~~~~~~~~~~~~~~~~~~~~~~~~~~~~~~~~~~~~~~~.................................................DDDDDDDDDEEEEEEEEEEE.........~~~~~~~~~~~~~~~~~~~~~~~~~~~~~~~~~~~~~~~~~~~~~~~~~
~~~~~~~~~~~~~~~~~~~~~~~~~~~~~~~~~~~~~~~~~~~~~~~..................................................DDDDDDDDDDDDDDEEEEEEE...........~~~~~~~~~~~~~~~~~~~~~~~~~~~~~~~~~~~~~~~~~~~~~~~
~~~~~~~~~~~~~~~~~~~~~~~~~~~~~~~~~~~~~~~~~~~~~~...................................................DDDDDDDDDDDDDDDDDEEEE............~~~~~~~~~~~~~~~~~~~~~~~~~~~~~~~~~~~~~~~~~~~~~~
~~~~~~~~~~~~~~~~~~~~~~~~~~~~~~~~~~~~~~~~~~~~.....................................................DDDDDDDDDDDDDDDDDDDDE..............~~~~~~~~~~~~~~~~~~~~~~~~~~~~~~~~~~~~~~~~~~~~
~~~~~~~~~~~~~~~~~~~~~~~~~~~~~~~~~~~~~~~~~~.......................................................DDDDDDDDDDDDDDDDDDDD.................~~~~~~~~~~~~~~~~~~~~~~~~~~~~~~~~~~~~~~~~~~
~~~~~~~~~~~~~~~~~~~~~~~~~~~~~~~~~~~~~~~~~.......................................................DDDDDDDDDDDDDDDDDDDDD..................~~~~~~~~~~~~~~~~~~~~~~~~~~~~~~~~~~~~~~~~~
~~~~~~~~~~~~~~~~~~~~~~~~~~~~~~~~~~~~~~~.........................................................DDDDDDDDDDDDDDDDDDDDD....................~~~~~~~~~~~~~~~~~~~~~~~~~~~~~~~~~~~~~~~
~~~~~~~~~~~~~~~~~~~~~~~~~~~~~~~~~~~~~~..........................................................DDDDDDDDDDDDDDDDDDDD......................~~~~~~~~~~~~~~~~~~~~~~~~~~~~~~~~~~~~~~
~~~~~~~~~~~~~~~~~~~~~~~~~~~~~~~~~~~~~..........................................................DDDDDDDDDDDDDDDDDDDDD.......................~~~~~~~~~~~~~~~~~~~~~~~~~~~~~~~~~~~~~
~~~~~~~~~~~~~~~~~~~~~~~~~~~~~~~~~~~............................................................DDDDDDDDDDDDDDDDDDDDD.........................~~~~~~~~~~~~~~~~~~~~~~~~~~~~~~~~~~~
~~~~~~~~~~~~~~~~~~~~~~~~~~~~~~~~~~.............................................................DDDDDDDDDDDDDDDDDDDDD..........................~~~~~~~~~~~~~~~~~~~~~~~~~~~~~~~~~~
~~~~~~~~~~~~~~~~~~~~~~~~~~~~~~~~~..............................................................DDDDDDDDDDDDDDDDDDDD............................~~~~~~~~~~~~~~~~~~~~~~~~~~~~~~~~~
~~~~~~~~~~~~~~~~~~~~~~~~~~~~~~~~..............................................................DDDDDDDDDDDDDDDDDDDDD.............................~~~~~~~~~~~~~~~~~~~~~~~~~~~~~~~~
~~~~~~~~~~~~~~~~~~~~~~~~~~~~~~~...............................................................DDDDDDDDDDDDDDDDDDDDD..............................~~~~~~~~~~~~~~~~~~~~~~~~~~~~~~~
~~~~~~~~~~~~~~~~~~~~~~~~~~~~~~................................................................DDDDDDDDDDDDDDDDDDDDD...............................~~~~~~~~~~~~~~~~~~~~~~~~~~~~~~
~~~~~~~~~~~~~~~~~~~~~~~~~~~~~.................................................................DDDDDDDDDDDDDDDDDDDD.................................~~~~~~~~~~~~~~~~~~~~~~~~~~~~~
~~~~~~~~~~~~~~~~~~~~~~~~~~~~....................................................,,,,,,,,,,,,,DDDDDDDDDDDDDDDDDDDDD..................................~~~~~~~~~~~~~~~~~~~~~~~~~~~~
~~~~~~~~~~~~~~~~~~~~~~~~~~~................................................,,,,,.............DDDDDDDDDDDDDDDDDDDDD...................................~~~~~~~~~~~~~~~~~~~~~~~~~~~
~~~~~~~~~~~~~~~~~~~~~~~~~~.............................................,,,,..................DDDDDDDDDDDDDDDDDDDD.....................................~~~~~~~~~~~~~~~~~~~~~~~~~~
~~~~~~~~~~~~~~~~~~~~~~~~~...........................................,,,......................DDDDDDDDDDDDDDDDDDDD......................................~~~~~~~~~~~~~~~~~~~~~~~~~
~~~~~~~~~~~~~~~~~~~~~~~~.........................................,,,........................DDDDDDDDDDDDDDDDDDDDD.......................................~~~~~~~~~~~~~~~~~~~~~~~~
~~~~~~~~~~~~~~~~~~~~~~~........................................,,,..........................DDDDDDDDDDDDDDDDDDDDD........................................~~~~~~~~~~~~~~~~~~~~~~~
~~~~~~~~~~~~~~~~~~~~~~.......................................,,.............................DDDDDDDDDDDDDDDDDDDD.,,.......................................~~~~~~~~~~~~~~~~~~~~~~
~~~~~~~~~~~~~~~~~~~~~~.....................................,,..............................DDDDDDDDDDDDDDDDDDDDD...,,.....................................~~~~~~~~~~~~~~~~~~~~~~
~~~~~~~~~~~~~~~~~~~~~....................................,,................................DDDDDDDDDDDDDDDDDDDDD.....,,....................................~~~~~~~~~~~~~~~~~~~~~
~~~~~~~~~~~~~~~~~~~~....................................,,.................................DDDDDDDDDDDDDDDDDDDDD......,,....................................~~~~~~~~~~~~~~~~~~~~
~~~~~~~~~~~~~~~~~~~...................................,,...................................DDDDDDDDDDDDDDDDDDDD.........,,...................................~~~~~~~~~~~~~~~~~~~
~~~~~~~~~~~~~~~~~~~..................................,,...................................DDDDDDDDDDDDDDDDDDDDD..........,,..................................~~~~~~~~~~~~~~~~~~~
~~~~~~~~~~~~~~~~~~..................................,.....................................DDDDDDDDDDDDDDDDDDDDD............,..................................~~~~~~~~~~~~~~~~~~
~~~~~~~~~~~~~~~~~.................................,,......................................DDDDDDDDDDDDDDDDDDDDD.............,,.................................~~~~~~~~~~~~~~~~~
~~~~~~~~~~~~~~~~~................................,,.......................................DDDDDDDDDDDDDDDDDDDD...............,,................................~~~~~~~~~~~~~~~~~
~~~~~~~~~~~~~~~~................................,,.......................................DDDDDDDDDDDDDDDDDDDDD................,,................................~~~~~~~~~~~~~~~~
~~~~~~~~~~~~~~~~...............................,,........................................DDDDDDDDDDDDDDDDDDDDD.................,,...............................~~~~~~~~~~~~~~~~
~~~~~~~~~~~~~~~...............................,..........................................DDDDDDDDDDDDDDDDDDDD....................,...............................~~~~~~~~~~~~~~~
~~~~~~~~~~~~~~...............................,....................................,,,,,,DDDDDDDDDDDDDDDDDDDDD.....................,...............................~~~~~~~~~~~~~~
~~~~~~~~~~~~~~..............................,,...............................,,,,,......DDDDDDDDDDDDDDDDDDDDD.....................,,..............................~~~~~~~~~~~~~~
~~~~~~~~~~~~~..............................,,.............................,,,...........DDDDDDDDDDDDDDDDDDDDD......................,,..............................~~~~~~~~~~~~~
~~~~~~~~~~~~~.............................,,...........................,,,..............DDDDDDDDDDDDDDDDDDDD........................,,.............................~~~~~~~~~~~~~
~~~~~~~~~~~~..............................,..........................,,,...............DDDDDDDDDDDDDDDDDDDDD.........................,..............................~~~~~~~~~~~~
~~~~~~~~~~~~.............................,.........................,,,.................DDDDDDDDDDDDDDDDDDDDD,.........................,.............................~~~~~~~~~~~~
~~~~~~~~~~~.............................,.........................,,...................DDDDDDDDDDDDDDDDDDDDD,,.........................,.............................~~~~~~~~~~~
~~~~~~~~~~~............................,,.......................,,.....................DDDDDDDDDDDDDDDDDDDD...,,.......................,,............................~~~~~~~~~~~
~~~~~~~~~~~............................,.......................,,.....................DDDDDDDDDDDDDDDDDDDDD....,,.......................,............................~~~~~~~~~~~
~~~~~~~~~~............................,.......................,.......................DDDDDDDDDDDDDDDDDDDDD......,.......................,............................~~~~~~~~~~
~~~~~~~~~~...........................,,......................,........................DDDDDDDDDDDDDDDDDDDDD.......,......................,,...........................~~~~~~~~~~
~~~~~~~~~............................,......................,.........................DDDDDDDDDDDDDDDDDDDD.........,......................,............................~~~~~~~~~
~~~~~~~~~...........................,......................,.........................DDDDDDDDDDDDDDDDDDDDD..........,......................,...........................~~~~~~~~~
~~~~~~~~~...........................,.....................,..........................DDDDDDDDDDDDDDDDDDDDD...........,.....................,...........................~~~~~~~~~
~~~~~~~~...........................,.....................,...........................DDDDDDDDDDDDDDDDDDDD.............,.....................,...........................~~~~~~~~
~~~~~~~~...........................,....................,...........................eeDDDDDDDDDDDDDDDDDDD..............,....................,...........................~~~~~~~~
~~~~~~~~..........................,....................,............................eeeeeDDDDDDDDDDDDDDDD...............,....................,..........................~~~~~~~~
~~~~~~~...........................,...................,,............................eeeeeeeeeDDDDDDDDDDDD...............,,...................,...........................~~~~~~~
~~~~~~~..........................,,...................,.............................eeeeeeeeeeeeeDDDDDDD.................,...................,,..........................~~~~~~~
~~~~~~~..........................,...................,.............................eeeeeeeeeeeeeeeeeDDDD..................,...................,..........................~~~~~~~
~~~~~~~..........................,..................,,.............................DDeeeeeeeeeeeeeeeeeee..................,,..................,..........................~~~~~~~
~~~~~~..........................,...................,..............................DDDDDDeeeeeeeeeeeeeee...................,...................,..........................~~~~~~
~~~~~~..........................,..................,,..............................DDDDDDDiieeeeeeeeeee....................,,..................,..........................~~~~~~
~~~~~~..........................,..................,..............................DDDDDDDDiiiiiDeeeeeee.....................,..................,..........................~~~~~~
~~~~~~.........................,..................,,..............................DDDDDDDDiiiiiDDDDDeee.....................,,..................,.........................~~~~~~
~~~~~..........................,..................,...............................DDDDDDDDiiiiiDDDDDDDD......................,..................,..........................~~~~~
~~~~~..........................,..................,...............................DDDDDDDiiiiiDDDDDDDD.......................,..................,..........................~~~~~
~~~~~..........................,.................,...............................DDDDDDDDiiiiiDDDDDDDD........................,.................,..........................~~~~~
~~~~~.........................,..................,..............................DDDDDDDDDiiiiiDDDDDDDD........................,..................,.........................~~~~~
~~~~~.........................,..................,............................DDDDDDDDDDiiiiiiDDDDDDD.........................,..................,.........................~~~~~
~~~~~.........................,.................,............................DDDDDDDDDDDiiiiiDDDDDDDD..........................,.................,.........................~~~~~
~~~~~.........................,.................,...........................DDDDDDDDDDDDiiiiiDDDDDDDD..........................,.................,.........................~~~~~
~~~~..........................,.................,...........................DDDDDDDDDDDDiiiiiDDDDDDDD..........................,.................,..........................~~~~
~~~~.........................,..................,..........................DDDDDDDDDDDDiiiiiiDDDDDDDD..........................,..................,.........................~~~~
~~~~.........................,..................,.........................DDDDDDDDDDDDDiiiiiDDDDDDDDDD.........................,..................,.........................~~~~
~~~~.........................,.................,......................DDDDDDDDDDDDDDDDDiiiiiDDDDDDDDDD..........................,.................,.........................~~~~
~~~~.........................,.................,..................wDDDDDDDDDDDDDDDDDDDiiiiiiDDDDDDDDDD..........................,.................,.........................~~~~
~~~~.........................,.................,..............wwwwwDDDDDDDDDDDDDDDDDiiiiiiiiDDDDDDDDDDD.........................,.................,.........................~~~~
~~~~.........................,.................,...........DDDwwwwwwDDDDDDDDDDDDDDDDiiiiiiiiDDDDDDDDDDD.........................,.................,.........................~~~~
~~~~.........................,.................,.......DDDDDDDDwwwwwDDDDDDDDDDDDDDDiiiiiiiiiiDDDDDDDDDD.........................,.................,.........................~~~~
~~~~.........................,.................,...DDDDDDDDDDDDwwwwwDDDDDDDDDDDDiiiiiiiiiiiiiDDDDDDDDDD.........................,.................,.........................~~~~
~~~~.........................,.................DDDDDDDDDDDDDDDDwwwwwDDDDDDDDiiiiiiiiiiiiiiiiiDDDDDDDDDD.........................,.................,.........................~~~~
~~~~.........................,..............DDDDDDDDDDDDDDDDDDDDwwwwwDDDDiiiiiiiiiiiiiiiiiiiiDDDDDDDDDDD........................,.................,.........................~~~~
~~~~.........................,..........DDDDDDDDDDDDDDDDDDDDDDDDwwwwwiiiiiiiiiiiiiiiiiiiiiiiiiDDDDDDDDDDD.......................,.................,.........................~~~~
~~~~.........................,......DDDDDDDDDDDDDDDDDDDDDDDDDDDDwwwwwiiiiiiiiiiiiiiiiiiiiiiiiiiDDDDDDDDDDD......................,.................,.........................~~~~
~~~~.........................,...DDDDDDDDDDDDDDDDDDDDDDDDDDDDDDDwwwwwwiiiiiiiiiiiDDDDDiiiiiiiiiiDDDDDDDDDDD.....................,.................,.........................~~~~
~~~~.........................DDDDDDDDDDDDDDDDDDDDDDDDDDDDDDDDDDDDwwwwwiiiiiiiDDDDDDDDDDDDDiiiiiiiDDDDDDDDDDD....................,.................,.........................~~~~
~~~~.....................DDDDDDDDDDDDDDDDDDDDDDDDDDDDDDDDDDDDDDDDwwwwwiiiDDDDDDDDDDDDDDDDDDiiiiiiiDDDDDDDDDDs..................,..................,.........................~~~~
~~~~.................DDDDDDDDDDDDDDDDDDDDDDDDDDDDDDDDDDDDDDDDDDDDwwwwwDDDDDDDDDDDDDDDDDDDDDDiiiiiiiDDDDDDDDsss.................,..................,.........................~~~~
~~~~..............DDDDDDDDDDDDDDDDDDDDDDDDDDDDDDDDDDDDDDDDDDDDDDDwwwwwwDDDDDDDDDDDDDDDDDDDDDDiiiiiiiDDDDDDsssss................,.................,..........................~~~~
~~~~~.........DDDDDDDDDDDDDDDDDDDDDDDDDDDDDDDDDDDDDDDDDDDDDDDDDDDDwwwwwDDDDDDDDDDDDDDDDDDDDDDDiiiiiiiDDDDsssssss...............,.................,.........................~~~~~
~~~~~.....WWDDDDDDDDDDDDDDDDDDDDDDDDDDDDDDDDDDDDDDDDDDDDDDDDDDDDDDwwwwwDDDDDDDDDDDDDDDDDDDDDDDDiiiiiiiDDsssssssDD..............,.................,.........................~~~~~
~~~~~.WWWWWWDDDDDDDDDDDDDDDDDDDDDDDDDDDDDDDDDDDDDDDDDDDDDDDDDDDDDDwwwwwDDDDDDDDDDDDDDDDDDDDDDDDDiiiiiiisssssssDDDD............,..................,.........................~~~~~
~~~~~WWWWWWWDDDDDDDDDDDDDDDDDDDDDDDDDDDDDDDDDDDDDDDDDDDDDDDDDDDDDDDwwwwwDDDDDDDDDDDDDDDDDDDDDDDDDiiiiisssssssDDDDDD...........,..................,.........................~~~~~
~~~~~WWWWWWWDDDDDDDDDDDDDDDDDDDDDDDDDDDDDDDDDDDDDDDDDDDDDDDDDDDDDDDwwwwwDDDD.....DDDDDDDDDDDDDDDDDiiisssssssDDDDDDDD..........,.................,..........................~~~~~
~~~~~WWWWWWWDDDDDDDDDDDDDDDDDDDDDDDDDDDDDDDDDDDDDDDDDDDDDDDDDDDDDDDwwwwwD...........DDDDDDDDDDDDDDDisssssssDDDDDDDDDD........,..................,..........................~~~~~
~~~~~WWWWWWWWDDDDDDDDDDDDDDDDDDDDDDDDDDDDDDDDDDDDDDDDDDDDDDDDDDDDDDww....................DDDDDDDDDDsssssssDDDDDDDDDDDD.......,..................,..........................~~~~~
~~~~~~WWWWWWWDDDDDDDDDDDDDDDDDDDDDDDDDDDDDDDDDDDDDDDDDDDDDDDDDDDD.........................DDDDDDDDsssssssDDDDDDDDDDDDDD.....,,..................,.........................~~~~~~
~~~~~~WWWWWWWDDDDDDDDDDDDDDDDDDDDDDDDDDDDDDDDDDDDDDDDDDDDDDDD..............................DDDDDDsssssssDDDDDDDDDDDDDDDD....,..................,..........................~~~~~~
~~~~~~WWWWWWWDDDDDDDDDDDDDDDDDDDDDDDDDDDDDDDDDDDDDDDDDDDDD..................................DDDDsssssssDDDDDDDDDDDDDDDDDD..,,..................,..........................~~~~~~
~~~~~~WWWWWWWWDDDDDDDDDDDDDDDDDDDDDDDDDDDDDDDDDDDDDDDD.......................................DDsssssssDDDDDDDDDDDDDDDDDDDD.,...................,..........................~~~~~~
~~~~~~~WWWWWWWDDDDDDDDDDDDDDDDDDDDDDDDDDDDDDDDDDDD..,,........................................sssssssDDDDDDDDDDDDDDDDDDDDDD,..................,..........................~~~~~~~
~~~~~~~WWWWWWWDDDDDDDDDDDDDDDDDDDDDDDDDDDDDDDD.......,.........................................sssssDDDDDDDDDDDDDDDDDDDDDDDD..................,..........................~~~~~~~
~~~~~~~WWWWWWWDDDDDDDDDDDDDDDDDDDDDDDDDDDDD...........,.........................................sssDDDDDDDDDDDDDDDDDDDDDDDDDD................,,..........................~~~~~~~
~~~~~~~WWWWWWWWDDDDDDDDDDDDDDDDDDDDDDDD...............,,.........................................sDDDDDDDDDDDDDDDDDDDDDDDDDDDD...............,...........................~~~~~~~
~~~~~~~~WWWWWWWDDDDDDDDDDDDDDDDDDDD....................,..........................................DDDDDDDDDDDDDDDDDDDDDDDDDDDDD..............,..........................~~~~~~~~
~~~~~~~~WWWWWWWDDDDDDDDDDDDDDDD....,....................,..........................................DDDDDDDDDDDDDDDDDDDDDDDDDDDDD............,...........................~~~~~~~~
~~~~~~~~WWWWWWWWDDDDDDDDDDDD.......,.....................,..........................................DDDDDDDDDDDDDDDDDDDDDDDDDDDDD...........,...........................~~~~~~~~
~~~~~~~~~WWWWWWWDDDDDDDD............,.....................,..........................................DDDDDDDDDDDDDDDDDDDDDDDDDDDDD.........,...........................~~~~~~~~~
~~~~~~~~~WWWWWWWDDDD................,......................,..........................................DDDDDDDDDDDDDDDDDDDDDDDDDDDDD........,...........................~~~~~~~~~
~~~~~~~~~WWWWWWWW....................,......................,..........................................DDDDDDDDDDDDDDDDDDDDDDDDDDDDD......,............................~~~~~~~~~
~~~~~~~~~~WWW........................,,......................,..........................................DDDDDDDDDDDDDDDDDDDDDDDDDDDDD....,,...........................~~~~~~~~~~
~~~~~~~~~~............................,.......................,..........................................DDDDDDDDDDDDDDDDDDDDDDDDDDDDD...,............................~~~~~~~~~~
~~~~~~~~~~~............................,.......................,,.........................................DDDDDDDDDDDDDDDDDDDDDDDDDDDDD.,............................~~~~~~~~~~~
~~~~~~~~~~~............................,,.......................,,.........................................DDDDDDDDDDDDDDDDDDDDDDDDDDDDD,............................~~~~~~~~~~~
~~~~~~~~~~~.............................,.........................,,........................................DDDDDDDDDDDDDDDDDDDDDDDDDDDDD............................~~~~~~~~~~~
~~~~~~~~~~~~.............................,.........................,,,....................................,,,DDDDDDDDDDDDDDDDDDDDDDDDDDDDD..........................~~~~~~~~~~~~
~~~~~~~~~~~~..............................,..........................,,,................................,,,...DDDDDDDDDDDDDDDDDDDDDDDDDDDDD.........................~~~~~~~~~~~~
~~~~~~~~~~~~~.............................,,...........................,,,............................,,,......DDDDDDDDDDDDDDDDDDDDDDDDDDDDD.......................~~~~~~~~~~~~~
~~~~~~~~~~~~~..............................,,.............................,,,......................,,,..........DDDDDDDDDDDDDDDDDDDDDDDDDDDDD......................~~~~~~~~~~~~~
~~~~~~~~~~~~~~..............................,,...............................,,,,,............,,,,,..............DDDDDDDDDDDDDDDDDDDDDDDDDDDDD....................~~~~~~~~~~~~~~
~~~~~~~~~~~~~~...............................,....................................,,,,,,,,,,,,....................DDDDDDDDDDDDDDDDDDDDDDDDDDDDD...................~~~~~~~~~~~~~~
~~~~~~~~~~~~~~~...............................,....................................................................DDDDDDDDDDDDDDDDDDDDDDDDDDDDD.................~~~~~~~~~~~~~~~
~~~~~~~~~~~~~~~~...............................,,...................................................................DDDDDDDDDDDDDDDDDDDDDDDDDDDDD...............~~~~~~~~~~~~~~~~
~~~~~~~~~~~~~~~~................................,,...................................................................DDDDDDDDDDDDDDDDDDDDDDDDDDDDD..............~~~~~~~~~~~~~~~~
~~~~~~~~~~~~~~~~~................................,,...................................................................DDDDDDDDDDDDDDDDDDDDDDDDDDDDD............~~~~~~~~~~~~~~~~~
~~~~~~~~~~~~~~~~~.................................,,...................................................................DDDDDDDDDDDDDDDDDDDDDDDDDDDDD...........~~~~~~~~~~~~~~~~~
~~~~~~~~~~~~~~~~~~..................................,...................................................................DDDDDDDDDDDDDDDDDDDDDDDDDDDDD.........~~~~~~~~~~~~~~~~~~
~~~~~~~~~~~~~~~~~~~..................................,,..................................................................DDDDDDDDDDDDDDDDDDDDDDDDDDDDS.......~~~~~~~~~~~~~~~~~~~
~~~~~~~~~~~~~~~~~~~...................................,,................................................................,,DDDDDDDDDDDDDDDDDDDDDDDDDDSSS......~~~~~~~~~~~~~~~~~~~
~~~~~~~~~~~~~~~~~~~~....................................,,............................................................,,...DDDDDDDDDDDDDDDDDDDDDDDDSSSSS....~~~~~~~~~~~~~~~~~~~~
~~~~~~~~~~~~~~~~~~~~~....................................,,..........................................................,,.....DDDDDDDDDDDDDDDDDDDDDDSSSSSSS..~~~~~~~~~~~~~~~~~~~~~
~~~~~~~~~~~~~~~~~~~~~~.....................................,,......................................................,,........DDDDDDDDDDDDDDDDDDDDSSSSSSSSS~~~~~~~~~~~~~~~~~~~~~~
~~~~~~~~~~~~~~~~~~~~~~.......................................,,..................................................,,...........DDDDDDDDDDDDDDDDDDSSSSSSSSSS~~~~~~~~~~~~~~~~~~~~~~
~~~~~~~~~~~~~~~~~~~~~~~........................................,,,............................................,,,..............DDDDDDDDDDDDDDDDSSSSSSSSSS~~~~~~~~~~~~~~~~~~~~~~~
~~~~~~~~~~~~~~~~~~~~~~~~.........................................,,,........................................,,,.................DDDDDDDDDDDDDDSSSSSSSSSS~~~~~~~~~~~~~~~~~~~~~~~~
~~~~~~~~~~~~~~~~~~~~~~~~~...........................................,,,..................................,,,.....................DDDDDDDDDDDDSSSSSSSSSS~~~~~~~~~~~~~~~~~~~~~~~~~
~~~~~~~~~~~~~~~~~~~~~~~~~~.............................................,,,,..........................,,,,.........................DDDDDDDDDDSSSSSSSSSS~~~~~~~~~~~~~~~~~~~~~~~~~~
~~~~~~~~~~~~~~~~~~~~~~~~~~~................................................,,,,,................,,,,,..............................DDDDDDDDSSSSSSSSSS~~~~~~~~~~~~~~~~~~~~~~~~~~~
~~~~~~~~~~~~~~~~~~~~~~~~~~~~....................................................,,,,,,,,,,,,,,,,....................................DDDDDDSSSSSSSSSS~~~~~~~~~~~~~~~~~~~~~~~~~~~~
~~~~~~~~~~~~~~~~~~~~~~~~~~~~~........................................................................................................DDDDSSSSSSSSSS~~~~~~~~~~~~~~~~~~~~~~~~~~~~~
~~~~~~~~~~~~~~~~~~~~~~~~~~~~~~........................................................................................................DDSSSSSSSSSS~~~~~~~~~~~~~~~~~~~~~~~~~~~~~~
~~~~~~~~~~~~~~~~~~~~~~~~~~~~~~~........................................................................................................SSSSSSSSSS~~~~~~~~~~~~~~~~~~~~~~~~~~~~~~~
~~~~~~~~~~~~~~~~~~~~~~~~~~~~~~~~........................................................................................................SSSSSSSS~~~~~~~~~~~~~~~~~~~~~~~~~~~~~~~~
~~~~~~~~~~~~~~~~~~~~~~~~~~~~~~~~~........................................................................................................SSSSSS~~~~~~~~~~~~~~~~~~~~~~~~~~~~~~~~~
~~~~~~~~~~~~~~~~~~~~~~~~~~~~~~~~~~........................................................................................................SSSS~~~~~~~~~~~~~~~~~~~~~~~~~~~~~~~~~~
~~~~~~~~~~~~~~~~~~~~~~~~~~~~~~~~~~~........................................................................................................SS~~~~~~~~~~~~~~~~~~~~~~~~~~~~~~~~~~~
~~~~~~~~~~~~~~~~~~~~~~~~~~~~~~~~~~~~~......................................................................................................~~~~~~~~~~~~~~~~~~~~~~~~~~~~~~~~~~~~~
~~~~~~~~~~~~~~~~~~~~~~~~~~~~~~~~~~~~~~....................................................................................................~~~~~~~~~~~~~~~~~~~~~~~~~~~~~~~~~~~~~~
~~~~~~~~~~~~~~~~~~~~~~~~~~~~~~~~~~~~~~~..................................................................................................~~~~~~~~~~~~~~~~~~~~~~~~~~~~~~~~~~~~~~~
~~~~~~~~~~~~~~~~~~~~~~~~~~~~~~~~~~~~~~~~~..............................................................................................~~~~~~~~~~~~~~~~~~~~~~~~~~~~~~~~~~~~~~~~~
~~~~~~~~~~~~~~~~~~~~~~~~~~~~~~~~~~~~~~~~~~............................................................................................~~~~~~~~~~~~~~~~~~~~~~~~~~~~~~~~~~~~~~~~~~
~~~~~~~~~~~~~~~~~~~~~~~~~~~~~~~~~~~~~~~~~~~~........................................................................................~~~~~~~~~~~~~~~~~~~~~~~~~~~~~~~~~~~~~~~~~~~~
~~~~~~~~~~~~~~~~~~~~~~~~~~~~~~~~~~~~~~~~~~~~~~....................................................................................~~~~~~~~~~~~~~~~~~~~~~~~~~~~~~~~~~~~~~~~~~~~~~
~~~~~~~~~~~~~~~~~~~~~~~~~~~~~~~~~~~~~~~~~~~~~~~..................................................................................~~~~~~~~~~~~~~~~~~~~~~~~~~~~~~~~~~~~~~~~~~~~~~~
~~~~~~~~~~~~~~~~~~~~~~~~~~~~~~~~~~~~~~~~~~~~~~~~~..............................................................................~~~~~~~~~~~~~~~~~~~~~~~~~~~~~~~~~~~~~~~~~~~~~~~~~
~~~~~~~~~~~~~~~~~~~~~~~~~~~~~~~~~~~~~~~~~~~~~~~~~~~..........................................................................~~~~~~~~~~~~~~~~~~~~~~~~~~~~~~~~~~~~~~~~~~~~~~~~~~~
~~~~~~~~~~~~~~~~~~~~~~~~~~~~~~~~~~~~~~~~~~~~~~~~~~~~~......................................................................~~~~~~~~~~~~~~~~~~~~~~~~~~~~~~~~~~~~~~~~~~~~~~~~~~~~~
~~~~~~~~~~~~~~~~~~~~~~~~~~~~~~~~~~~~~~~~~~~~~~~~~~~~~~~~................................................................~~~~~~~~~~~~~~~~~~~~~~~~~~~~~~~~~~~~~~~~~~~~~~~~~~~~~~~~
~~~~~~~~~~~~~~~~~~~~~~~~~~~~~~~~~~~~~~~~~~~~~~~~~~~~~~~~~~............................................................~~~~~~~~~~~~~~~~~~~~~~~~~~~~~~~~~~~~~~~~~~~~~~~~~~~~~~~~~~
~~~~~~~~~~~~~~~~~~~~~~~~~~~~~~~~~~~~~~~~~~~~~~~~~~~~~~~~~~~~~......................................................~~~~~~~~~~~~~~~~~~~~~~~~~~~~~~~~~~~~~~~~~~~~~~~~~~~~~~~~~~~~~
~~~~~~~~~~~~~~~~~~~~~~~~~~~~~~~~~~~~~~~~~~~~~~~~~~~~~~~~~~~~~~~~................................................~~~~~~~~~~~~~~~~~~~~~~~~~~~~~~~~~~~~~~~~~~~~~~~~~~~~~~~~~~~~~~~~
~~~~~~~~~~~~~~~~~~~~~~~~~~~~~~~~~~~~~~~~~~~~~~~~~~~~~~~~~~~~~~~~~~~~........................................~~~~~~~~~~~~~~~~~~~~~~~~~~~~~~~~~~~~~~~~~~~~~~~~~~~~~~~~~~~~~~~~~~~~
~~~~~~~~~~~~~~~~~~~~~~~~~~~~~~~~~~~~~~~~~~~~~~~~~~~~~~~~~~~~~~~~~~~~~~~~................................~~~~~~~~~~~~~~~~~~~~~~~~~~~~~~~~~~~~~~~~~~~~~~~~~~~~~~~~~~~~~~~~~~~~~~~~
~~~~~~~~~~~~~~~~~~~~~~~~~~~~~~~~~~~~~~~~~~~~~~~~~~~~~~~~~~~~~~~~~~~~~~~~~~~~~~~..................~~~~~~~~~~~~~~~~~~~~~~~~~~~~~~~~~~~~~~~~~~~~~~~~~~~~~~~~~~~~~~~~~~~~~~~~~~~~~~~
~~~~~~~~~~~~~~~~~~~~~~~~~~~~~~~~~~~~~~~~~~~~~~~~~~~~~~~~~~~~~~~~~~~~~~~~~~~~~~~~~~~~~~~~~~~~~~~~~~~~~~~~~~~~~~~~~~~~~~~~~~~~~~~~~~~~~~~~~~~~~~~~~~~~~~~~~~~~~~~~~~~~~~~~~~~~~~~~
~~~~~~~~~~~~~~~~~~~~~~~~~~~~~~~~~~~~~~~~~~~~~~~~~~~~~~~~~~~~~~~~~~~~~~~~~~~~~~~~~~~~~~~~~~~~~~~~~~~~~~~~~~~~~~~~~~~~~~~~~~~~~~~~~~~~~~~~~~~~~~~~~~~~~~~~~~~~~~~~~~~~~~~~~~~~~~~~
~~~~~~~~~~~~~~~~~~~~~~~~~~~~~~~~~~~~~~~~~~~~~~~~~~~~~~~~~~~~~~~~~~~~~~~~~~~~~~~~~~~~~~~~~~~~~~~~~~~~~~~~~~~~~~~~~~~~~~~~~~~~~~~~~~~~~~~~~~~~~~~~~~~~~~~~~~~~~~~~~~~~~~~~~~~~~~~~
~~~~~~~~~~~~~~~~~~~~~~~~~~~~~~~~~~~~~~~~~~~~~~~~~~~~~~~~~~~~~~~~~~~~~~~~~~~~~~~~~~~~~~~~~~~~~~~~~~~~~~~~~~~~~~~~~~~~~~~~~~~~~~~~~~~~~~~~~~~~~~~~~~~~~~~~~~~~~~~~~~~~~~~~~~~~~~~~
